Analyzing HES Aksamala...

  error - lib\features\areas\data\models\area_model.dart:1:8 - Target of URI doesn't exist: 'package:freezed_annotation/freezed_annotation.dart'. Try creating the file referenced by the URI, or try using a URI for a file that does exist. - uri_does_not_exist
  error - lib\features\areas\data\models\area_model.dart:3:6 - Target of URI doesn't exist: 'package:hse_aksamala/features/areas/data/models/area_model.freezed.dart'. Try creating the file referenced by the URI, or try using a URI for a file that does exist. - uri_does_not_exist
  error - lib\features\areas\data\models\area_model.dart:4:6 - Target of URI hasn't been generated: 'package:hse_aksamala/features/areas/data/models/area_model.g.dart'. Try running the generator that will generate the file referenced by the URI. - uri_has_not_been_generated
  error - lib\features\areas\data\models\area_model.dart:6:1 - Undefined name 'freezed' used as an annotation. Try defining the name or importing it from another library. - undefined_annotation
  error - lib\features\areas\data\models\area_model.dart:12:5 - Undefined name 'JsonKey' used as an annotation. Try defining the name or importing it from another library. - undefined_annotation
  error - lib\features\areas\data\models\area_model.dart:13:8 - The name '_AreaModel' isn't a type and can't be used in a redirected constructor. Try redirecting to a different constructor. - redirect_to_non_class
  error - lib\features\areas\data\models\area_model.dart:15:60 - The method '_$AreaModelFromJson' isn't defined for the type 'AreaModel'. Try correcting the name to the name of an existing method, or defining a method named '_$AreaModelFromJson'. - undefined_method
  error - lib\features\auth\data\datasource\auth_remote_datasource.dart:17:21 - The method 'toJson' isn't defined for the type 'LoginRequest'. Try correcting the name to the name of an existing method, or defining a method named 'toJson'. - undefined_method
  error - lib\features\auth\data\models\login_request.dart:1:8 - Target of URI doesn't exist: 'package:freezed_annotation/freezed_annotation.dart'. Try creating the file referenced by the URI, or try using a URI for a file that does exist. - uri_does_not_exist
  error - lib\features\auth\data\models\login_request.dart:3:6 - Target of URI doesn't exist: 'package:hse_aksamala/features/auth/data/models/login_request.freezed.dart'. Try creating the file referenced by the URI, or try using a URI for a file that does exist. - uri_does_not_exist
  error - lib\features\auth\data\models\login_request.dart:4:6 - Target of URI hasn't been generated: 'package:hse_aksamala/features/auth/data/models/login_request.g.dart'. Try running the generator that will generate the file referenced by the URI. - uri_has_not_been_generated
  error - lib\features\auth\data\models\login_request.dart:6:1 - Undefined name 'freezed' used as an annotation. Try defining the name or importing it from another library. - undefined_annotation
  error - lib\features\auth\data\models\login_request.dart:11:8 - The name '_LoginRequest' isn't a type and can't be used in a redirected constructor. Try redirecting to a different constructor. - redirect_to_non_class
  error - lib\features\auth\data\models\login_request.dart:13:63 - The method '_$LoginRequestFromJson' isn't defined for the type 'LoginRequest'. Try correcting the name to the name of an existing method, or defining a method named '_$LoginRequestFromJson'. - undefined_method
  error - lib\features\auth\data\models\login_response.dart:1:8 - Target of URI doesn't exist: 'package:freezed_annotation/freezed_annotation.dart'. Try creating the file referenced by the URI, or try using a URI for a file that does exist. - uri_does_not_exist
  error - lib\features\auth\data\models\login_response.dart:4:6 - Target of URI doesn't exist: 'package:hse_aksamala/features/auth/data/models/login_response.freezed.dart'. Try creating the file referenced by the URI, or try using a URI for a file that does exist. - uri_does_not_exist
  error - lib\features\auth\data\models\login_response.dart:5:6 - Target of URI hasn't been generated: 'package:hse_aksamala/features/auth/data/models/login_response.g.dart'. Try running the generator that will generate the file referenced by the URI. - uri_has_not_been_generated
  error - lib\features\auth\data\models\login_response.dart:7:1 - Undefined name 'freezed' used as an annotation. Try defining the name or importing it from another library. - undefined_annotation
  error - lib\features\auth\data\models\login_response.dart:12:8 - The name '_LoginResponse' isn't a type and can't be used in a redirected constructor. Try redirecting to a different constructor. - redirect_to_non_class
  error - lib\features\auth\data\models\login_response.dart:14:64 - The method '_$LoginResponseFromJson' isn't defined for the type 'LoginResponse'. Try correcting the name to the name of an existing method, or defining a method named '_$LoginResponseFromJson'. - undefined_method
  error - lib\features\auth\data\models\user_model.dart:1:8 - Target of URI doesn't exist: 'package:freezed_annotation/freezed_annotation.dart'. Try creating the file referenced by the URI, or try using a URI for a file that does exist. - uri_does_not_exist
  error - lib\features\auth\data\models\user_model.dart:4:6 - Target of URI doesn't exist: 'package:hse_aksamala/features/auth/data/models/user_model.freezed.dart'. Try creating the file referenced by the URI, or try using a URI for a file that does exist. - uri_does_not_exist
  error - lib\features\auth\data\models\user_model.dart:5:6 - Target of URI hasn't been generated: 'package:hse_aksamala/features/auth/data/models/user_model.g.dart'. Try running the generator that will generate the file referenced by the URI. - uri_has_not_been_generated
  error - lib\features\auth\data\models\user_model.dart:7:1 - Undefined name 'freezed' used as an annotation. Try defining the name or importing it from another library. - undefined_annotation
  error - lib\features\auth\data\models\user_model.dart:15:5 - Undefined name 'JsonKey' used as an annotation. Try defining the name or importing it from another library. - undefined_annotation
  error - lib\features\auth\data\models\user_model.dart:15:33 - Undefined name 'Default' used as an annotation. Try defining the name or importing it from another library. - undefined_annotation
  error - lib\features\auth\data\models\user_model.dart:16:8 - The name '_UserModel' isn't a type and can't be used in a redirected constructor. Try redirecting to a different constructor. - redirect_to_non_class
  error - lib\features\auth\data\models\user_model.dart:18:60 - The method '_$UserModelFromJson' isn't defined for the type 'UserModel'. Try correcting the name to the name of an existing method, or defining a method named '_$UserModelFromJson'. - undefined_method
  error - lib\features\auth\data\repositories\auth_repository_impl.dart:18:46 - The getter 'token' isn't defined for the type 'LoginResponse'. Try importing the library that defines 'token', correcting the name to the name of an existing getter, or defining a getter or field named 'token'. - undefined_getter
  error - lib\features\auth\data\repositories\auth_repository_impl.dart:19:45 - The getter 'user' isn't defined for the type 'LoginResponse'. Try importing the library that defines 'user', correcting the name to the name of an existing getter, or defining a getter or field named 'user'. - undefined_getter
  error - lib\features\auth\data\repositories\auth_repository_impl.dart:20:21 - The getter 'user' isn't defined for the type 'LoginResponse'. Try importing the library that defines 'user', correcting the name to the name of an existing getter, or defining a getter or field named 'user'. - undefined_getter
  error - lib\features\auth\domain\repositories\auth_repository.dart:1:8 - Target of URI doesn't exist: '../data/models/user_model.dart'. Try creating the file referenced by the URI, or try using a URI for a file that does exist. - uri_does_not_exist
  error - lib\features\auth\domain\repositories\auth_repository.dart:4:10 - The name 'UserModel' isn't a type, so it can't be used as a type argument. Try correcting the name to an existing type, or defining a type named 'UserModel'. - non_type_as_type_argument
  error - lib\features\auth\domain\repositories\auth_repository.dart:6:10 - The name 'UserModel' isn't a type, so it can't be used as a type argument. Try correcting the name to an existing type, or defining a type named 'UserModel'. - non_type_as_type_argument
  error - lib\features\reports\data\models\create_hse_report_request.dart:1:8 - Target of URI doesn't exist: 'package:freezed_annotation/freezed_annotation.dart'. Try creating the file referenced by the URI, or try using a URI for a file that does exist. - uri_does_not_exist
  error - lib\features\reports\data\models\create_hse_report_request.dart:3:6 - Target of URI doesn't exist: 'package:hse_aksamala/features/reports/data/models/create_hse_report_request.freezed.dart'. Try creating the file referenced by the URI, or try using a URI for a file that does exist. - uri_does_not_exist
  error - lib\features\reports\data\models\create_hse_report_request.dart:4:6 - Target of URI hasn't been generated: 'package:hse_aksamala/features/reports/data/models/create_hse_report_request.g.dart'. Try running the generator that will generate the file referenced by the URI. - uri_has_not_been_generated
  error - lib\features\reports\data\models\create_hse_report_request.dart:6:1 - Undefined name 'freezed' used as an annotation. Try defining the name or importing it from another library. - undefined_annotation
  error - lib\features\reports\data\models\create_hse_report_request.dart:9:5 - Undefined name 'JsonKey' used as an annotation. Try defining the name or importing it from another library. - undefined_annotation
  error - lib\features\reports\data\models\create_hse_report_request.dart:10:5 - Undefined name 'JsonKey' used as an annotation. Try defining the name or importing it from another library. - undefined_annotation
  error - lib\features\reports\data\models\create_hse_report_request.dart:11:5 - Undefined name 'JsonKey' used as an annotation. Try defining the name or importing it from another library. - undefined_annotation
  error - lib\features\reports\data\models\create_hse_report_request.dart:13:8 - The name '_CreateHseReportRequest' isn't a type and can't be used in a redirected constructor. Try redirecting to a different constructor. - redirect_to_non_class
  error - lib\features\reports\data\models\create_hse_report_request.dart:15:73 - The method '_$CreateHseReportRequestFromJson' isn't defined for the type 'CreateHseReportRequest'. Try correcting the name to the name of an existing method, or defining a method named '_$CreateHseReportRequestFromJson'. - undefined_method
  error - lib\features\reports\data\models\hse_report_model.dart:1:8 - Target of URI doesn't exist: 'package:freezed_annotation/freezed_annotation.dart'. Try creating the file referenced by the URI, or try using a URI for a file that does exist. - uri_does_not_exist
  error - lib\features\reports\data\models\hse_report_model.dart:3:6 - Target of URI doesn't exist: 'package:hse_aksamala/features/reports/data/models/hse_report_model.freezed.dart'. Try creating the file referenced by the URI, or try using a URI for a file that does exist. - uri_does_not_exist
  error - lib\features\reports\data\models\hse_report_model.dart:4:6 - Target of URI hasn't been generated: 'package:hse_aksamala/features/reports/data/models/hse_report_model.g.dart'. Try running the generator that will generate the file referenced by the URI. - uri_has_not_been_generated
  error - lib\features\reports\data\models\hse_report_model.dart:6:1 - Undefined name 'freezed' used as an annotation. Try defining the name or importing it from another library. - undefined_annotation
  error - lib\features\reports\data\models\hse_report_model.dart:11:5 - Undefined name 'JsonKey' used as an annotation. Try defining the name or importing it from another library. - undefined_annotation
  error - lib\features\reports\data\models\hse_report_model.dart:12:5 - Undefined name 'JsonKey' used as an annotation. Try defining the name or importing it from another library. - undefined_annotation
  error - lib\features\reports\data\models\hse_report_model.dart:14:5 - Undefined name 'JsonKey' used as an annotation. Try defining the name or importing it from another library. - undefined_annotation
  error - lib\features\reports\data\models\hse_report_model.dart:15:5 - Undefined name 'JsonKey' used as an annotation. Try defining the name or importing it from another library. - undefined_annotation
  error - lib\features\reports\data\models\hse_report_model.dart:18:5 - Undefined name 'JsonKey' used as an annotation. Try defining the name or importing it from another library. - undefined_annotation
  error - lib\features\reports\data\models\hse_report_model.dart:19:8 - The name '_HseReportModel' isn't a type and can't be used in a redirected constructor. Try redirecting to a different constructor. - redirect_to_non_class
  error - lib\features\reports\data\models\hse_report_model.dart:21:65 - The method '_$HseReportModelFromJson' isn't defined for the type 'HseReportModel'. Try correcting the name to the name of an existing method, or defining a method named '_$HseReportModelFromJson'. - undefined_method

54 issues found.
